// 重构日志: bde9476c
// 重构日志: cafd9fac
// 重构日志: 21d1184d
// 重构日志: 2a8f9cd8
// 同步 ID: e8c15ab1 @ Wed Jul 15 07:37:27 UTC 2026
// 重构日志: 7e4b9f0c
// 重构日志: 219434b6
// 重构日志: 7bc03334
// 同步 ID: 1a49ce93 @ Sat Jul 18 15:45:29 UTC 2026
// 重构日志: 35e39c7c
// 同步 ID: c794291f @ Mon Jul 20 23:05:59 UTC 2026
// 重构日志: 1b049d68
// 重构日志: de926f16
// 同步 ID: 375eeefb @ Thu Jul 23 08:38:39 UTC 2026
// 重构日志: e9690319
// 重构日志: b524cb51
// 重构日志: db96615c
// 同步 ID: c206d79d @ Sat Jul 25 08:14:06 UTC 2026
// 同步 ID: c9f7c303 @ Sat Jul 25 16:18:11 UTC 2026
// 同步 ID: 6490aa6a @ Sat Jul 25 23:00:02 UTC 2026
// 同步 ID: 8984a6ee @ Sun Jul 26 08:16:29 UTC 2026
// 同步 ID: ccfe9b78 @ Mon Jul 27 02:06:27 UTC 2026
// 重构日志: a1d6e0f9
// 同步 ID: 380ab5f3 @ Wed Jul 29 05:44:05 UTC 2026
// 重构日志: 98737cec
// 重构日志: 1cf5ce7e
// 同步 ID: 60a4f631 @ Fri Jul 31 06:03:12 UTC 2026
// 重构日志: f415cf68
// 重构日志: e2e8c07f
// 同步 ID: 549381ca @ Fri Jul 31 20:18:40 UTC 2026
// 重构日志: 9e5bdd54
